[   0.000000] Initilizing cgroup subsys cpuset
[    0.00000] Initializing cgroup subss u
[    0.000000] Initializingcgroup subsys cpuacct
[    0.00000] inux version 4.4.0-116-generic (buildd@lgw01-amd64-021) (gcc version 5.4.0 20160609 (Ubuntu 5..0-6unt1~1.049) ) #140-Ubuntu SMP Mon Feb 12 21:23:04 UTC 2018 (Ubuntu 4.4.0-16.140-generic 4.4.98)
[    0.000000] Command line: BOOT_IMAGE=/boot/vmlinuz-4.4.0-116-generic root=UUID=676eac73-81dc-4fbd-bdea-aebc447240 ro console=tty1cosole=ttyS0
[    0.000000]KENE supported cpus:
[    0.000000]   Intel GenuineIntel
[    0.000000]   AMD AuthenticAMD
[    0.000000]   Centaur CentaurHauls
[    0.000000] x86/fpu: xstate_offset[2]:  576, xstate_sizes[2]:  256
[    0.000000] x86/fpu: Supporting XSAVE feature 0x01: 'x87 floating point registers'
[    0.000000] x86/fpu: Supporting XSAVE feature 0x02: 'SSE registers'
[    0.000000] x86/fpu: Supporting XSAVE feature 0x04: 'AVX registers'
[    0.000000] x86/fpu: Enabled xstate features 0x7, context size is 832 bytes, using 'standard' format.
[    0.000000] x86/fpu: Using 'lazy' FPU context switches.
[   0.000000] e820: BIOS-provided physical RAM map:
[   0.00000]BIO-e820: [mem 0x000000000000000-000000000009fbff] usable
[    0.000000] BIOS-e820: [mem 0x000000000009fc00-0x000000000009ffff] reserved
[    0.000000] BIOS-e820: [mem 0x0000000000f0000-0x00000000000fffff] reserved
[    0.000000] BIOS-e820: [mem 0x0000000000100000-0x000000003ffeffff] usable
[    0.000000] BIOS-e820: [mem 0x000000003fff0000-0x000000003fffffff] ACPI data
[    0.000000] BIOS-e820: [mem 0x00000000fec000000x000000fe00f]reserved
[    0.000000] BIOS-e820: [mem 0x00000000fee00000-0x00000000fee00fff] reserved
[    0.000000] BIOS-e820: [mem 0x000000000fffc0000-0x00000000ffffffff] reserved
    0.000000] NX (Execute Disabl) protection: active
[    0.000000] SMBIS 2.5 present.
[    0.00000] Hypervisor detected: KVM
[    00000] e820: last_pfn = 0x3fff0 max_arch_pfn = 0x400000000
[  0000000] MTRR: Disabled
[    0.000000] x8/PAT: MTRRs disabled, skipping PAT initialization too.
[    0.000000] CPU MTRRs all blank - virtualized system.
[    0.000000] x86/PAT: Configuration [0-7]: WB  WT  UC- UC  WB  WT  UC- UC  
[    0.000000] found SMP MP-table at [mem 0x0009fff0-0x0009ffff] mapped at [ffff88000009fff0]
[    0.000000] Scanning 1 areas for low memory corruption
[    0.000000] RAMDISK: [mem 0x321000-0x37104fff]
[    0.000000] ACPI: arly table checksm verification disabled
[    0.000000] ACPI: RSDP 0x00000000000E0000 000024 (v02 VBOX  )    0.000000] ACPI: XSDT 0x000000003FFF0030 00003C (v01 VBOX   VBOXXSDT 00000001 ASL  00000061)
[    0.000000] ACPI: FACP 0x000000003FFF00F0 0000F4 (v04 VBOX   VBOXFACP 00000001 ASL  00000061)
[    0.000000] ACPI: DSDT 0x000000003FFF0470 0021FF (v02 VBOX   VBOXBIOS 00000002 INTL 20100528)
[    0.000000] ACPI: FACS 0x000000003FFF0200 000040
[    0.000000] ACPI: FACS 0x000000003FFF0200 000040
[    0.000000] ACPI: APIC 0x000000003FFF0240 00005C (v02 VBOX   VBOXAPIC 00000001 ASL  00000061)
[    0.000000] ACPI: SSDT 0x000000003FFF02A0 0001CC (v01 VBOX   VBOCPUT000002 INTL 20100528)
[    0.000000] No NUMA configuratio found
[    0.000000] Faking a node at [em 0x0000000000000000-0x000000003ffeffff]
[    0.0000] NODE_DATA(0) allocated [mem 0x3ffb000-0x3ffefff]
[   0.000000] kvm-clock: Using msrs 4b564d01 and 4b564d00
[    0.000000] kvm-clock: cpu 0, msr 0:3ffe3001, primary cpu clock
[    0.000000] kvm-clock: using sched offset of 3888685419 cycles
[    0.000000] clocksource: kvm-clock: mask: 0xffffffffffffffff max_cycles:: 0x1cd42e4dffb, max_idle_ns: 881590591483 ns
[    0.000000] Zone ranges:
[    0.000000]   DMA      [mem 0x0000000000001000-0x0000000000ffffff]
[    0.000000]   DMA32    [mem 0x00000010000000-0x000000003ffeffff]
[    0.000000]   Normal   empty
[    0.000000   Device  mpt
[  0.000000] Movable zone start for each node
[    0.0000] Early memory node ranges
[    0.000000]   node   0: [mem 0x0000000000001000-0x000000000009efff]
[    0.000000]   node   0: [mem 0x0000000000100000-0x000000003ffeffff]
[    .00000 Initme stu no 0mem 0x0000000000001000-0x000000003ffeffff]
[    0.0000] ACPI: PM-Timer IO Port: 0x4008
[    0.000000] IOAPIC0]: apic_id 2, version 32, address 0xfec00000GSI 0-23
[    0.000000] ACPI: INT_SRC_OVR (bus 0 bus_ir 0 global_irq 2dfl dfl)
[    0.000000] ACPI: INT_SRC_OVR (bus 0 bus_irq 9 global_irq 9 low level)
[    0.000000] Using ACPI (MADT) for SMP configuration information
[    0.000000] smpboot: Allowing CPUs, 0 hotplug CPUs
[    0.000000] PM: Registered nosave memory: [mem 0x0000000-0x00000fff]
[    0.000000] PM: Registered nosavemeory: [mem 0x0009f000-0x0009ffff]
[    0.000000] PM: Registered nosave memory: [mem 0x000a0000-0x000effff]
[    0.000000] PM: Registered nosave memory: [mem 0x000f0000-0x000fffff]
[    0.000000] e820: [mem 0x40000000-0xfebfffff] available for PCI devices
[    0.000000] Booting paravirtuaze kernel on KVM
[    0.000000] clocksource: refined-jiffies: mask: 0xffffffff max_cycles: 0xffffffff, max_idle_ns: 7645519600211568 ns
[    0.000000] setup_percpu: NR_CPUS:512 nr_cpumask_bits:512 nr_cpu_ids:2 nr_node_ids:1
[    0.000000] PERCPU: Embedded 34 pages/cpu @ffff88003fc00000 s99544 r8192 d31528 u1048576
[    0.000000] PV qspinlock hash table entries: 256 (order: 0, 4096 bytes)
[    0.000000] Built 1 zonelists in Node order, mobility grouping on.  Total pages: 257913
[    0.000000] Policy zone: DMA32
[    0.000000] Kernel command line: BOOT_IMAGE=/boot/vmlinuz-4.4.0-116-generic root=UUID=676eac73-81dc-4fbd-bdea-aebcbe47240 ro console=tty1 console=ttyS0
[    0.000000] PI hash table entries: 4096 (order: 3, 32768 bytes)
[    0.000000] Memor 97256104820K available (8530K kernel code, 1309K rwdata, 3992K rodata, 1508K init, 1316K bss, 50864K reserved, 0K cma-reserved)
[    0.000000] SLUB: HWalign=64, Order=0-3, MinObjects=0, CPUs=2, Nodes=1
[    0.000000] Kernel/User page tables isolation: enabled
[    0.000000] Hierarchical RCU implementation.
[    0.000000] 	Build-time adjustment of leaf fanout to 64.
[    0.000000] 	RCU restricting CPUs from NR_CPUS=512 to nr_cpu_ids=2.
[    0.000000] RCU: Adjusting geometry for rcu_fanout_leaf=64, nr_cpu_ids=
[    0.000000] NR_IRQS:33024 nr_irqs:4016
[  0.000000] Console: colour VGA 80x25
[    .000000] onsole [tty1] enabled
[   0.000000] onole [ttyS0] enabled
[    0.000000] tsc: Detected 2899.998 MHz processor
[    2.790807] Calibrating delay loop (skipped) preset value.. 5799.99 BogoMIPS (lpj=11599992)
[    2.834511] pid_max: default: 32768 minimum: 301
[    2.845409] ACPI: Core revision 20150930
[    2.849704] ACPI: 2 ACPI AML tables successfully acquired and loaded
[    2.858851] Security Framework initialized
[    2.860114] Yama: becoming mindful.
[    2.867841] AppArmor: AppArmor initialized
[    2.870164] Dentry cache hash table entries: 131072 (order: 8, 1048576 bytes)
[    2.893714] Inode-cache hash table entries: 65536 (order: 7, 524288 bytes)
[    2.895668] Mount-cache hash table entries: 2048 (order: 2, 16384 bytes)
[    2.903610] Mountpoint-cache hash table entries: 2048 (order: 2, 16384 bytes)
[    2.909058] Initializing cgroup subsys io
[    2.918907] Initializing cgroup subsys memory
[    2.923712] Initializing cgroup subsys devices
[    2.924676] Initializing cgroup subsys freezer
[    2.925634] Initializing cgroup subsys net_cls
[    2.927030] Initializing cgroup subsys perf_event
[    2.943253] Initializing cgroup subsys net_prio
[    2.963009] Initializing cgroup subsys hugetlb
[    2.972011] Initializing cgroup subsys pids
[    2.974893] CPU: Physical Processor ID: 0
[    2.976069] CPU: Processor Core ID: 0
[    2.985035] FEATURE SPEC_CTRL Not Present
[    3.008234] mce: CPU supports 0 MCE banks
[    3.013089] Last level iTLB entries: 4KB 64, 2MB 8, 4MB 8
[    3.026148] Last level dTLB entries: 4KB 64, 2MB 0, 4MB 0, 1GB 4
[    3.039600] Spectre V2 mitigation: Mitigation: Full generic retpoline
[    3.043684] Spectre V2 mitigation: Speculation control IBPB not-supported IBRS not-supported
[    3.047746] Freeing SMP alternatives memory: 32K
[    3.073357] ftrace: allocating 32186 entries in 126 pages
[    3.155517] smpboot: APIC(0) Converting physical 0 to logical package 0
[    3.203353] smpboot: Max logical packages: 1
[    3.204892] x2apic enabled
[    3.211106] Switched APIC routing to physical x2apic.
[    3.225311] ..TIMER: vector=0x30 apic1=0 pin1=2 apic2=-1 pin2=-1
[    3.370557] smpboot: CPU0: Intel(R) Core(TM) i5-5287U CPU @ 2.90GHz (family: 0x6, model: 0x3d, stepping: 0x4)
[    3.434557] Performance Events: unsupported p6 CPU model 61 no PMU driver, software events only.
[    3.437111] KVM setup paravirtual spinlock
[    3.504440] x86: Booting SMP configuration:
[    3.534389] .... node  #0, CPUs:      #1
[    3.546380] kvm-clock: cpu 1, msr 0:3ffe3041, secondary cpu clock
[    3.568422] mce: CPU supports 0 MCE banks
[    3.576999] x86: Booted up 1 node, 2 CPUs
[    3.606587] smpboot: Total of 2 processors activated (11599.99 BogoMIPS)
[    3.673587] devtmpfs: initialized
[    3.706834] evm: security.selinux
[    3.729980] evm: security.SMACK64
[    3.789388] evm: security.SMACK64EXEC
[    3.793061] evm: security.SMACK64TRANSMUTE
[    3.797460] evm: security.SMACK64MMAP
[    3.807835] evm: security.ima
[    3.809147] evm: security.capability
[    3.844634] clocksource: jiffies: mask: 0xffffffff max_cycles: 0xffffffff, max_idle_ns: 7645041785100000 ns
[    3.873884] futex hash table entries: 512 (order: 3, 32768 bytes)
[    3.887179] pinctrl core: initialized pinctrl subsystem
[    3.903363] RTC time: 14:54:46, date: 03/22/18
[    3.940749] NET: Registered protocol family 16
[    3.962634] cpuidle: using governor ladder
[    3.986505] cpuidle: using governor menu
[    3.998219] PCCT header not found.
[    4.003751] ACPI: bus type PCI registered
[    4.011525] acpiphp: ACPI Hot Plug PCI Controller Driver version: 0.5
[    4.013462] PCI: Using configuration type 1 for base access
[    4.055450] ACPI: Added _OSI(Module Device)
[    4.085900] ACPI: Added _OSI(Processor Device)
[    4.088596] ACPI: Added _OSI(3.0 _SCP Extensions)
[    4.091762] ACPI: Added _OSI(Processor Aggregator Device)
[    4.110968] ACPI: Executed 1 blocks of module-level executable AML code
[    4.126391] ACPI: Interpreter enabled
[    4.135027] ACPI: (supports S0 S5)
[    4.135852] ACPI: Using IOAPIC for interrupt routing
[    4.138273] PCI: Using host bridge windows from ACPI; if necessary, use "pci=nocrs" and report a bug
[    4.148541] ACPI: PCI Root Bridge [PCI0] (domain 0000 [bus 00-ff])
[    4.168154] acpi PNP0A03:00: _OSC: OS supports [ASPM ClockPM Segments MSI]
[    4.190896] acpi PNP0A03:00: _OSC: not requesting OS control; OS requires [ExtendedConfig ASPM ClockPM MSI]
[    4.196383] acpi PNP0A03:00: fail to add MMCONFIG information, can't access extended PCI configuration space under this bridge.
[    4.200557] PCI host bridge to bus 0000:00
[    4.211705] pci_bus 0000:00: root bus resource [io  0x0000-0x0cf7 window]
[    4.213289] pci_bus 0000:00: root bus resource [io  0x0d00-0xffff window]
[    4.214940] pci_bus 0000:00: root bus resource [mem 0x000a0000-0x000bffff window]
[    4.216980] pci_bus 0000:00: root bus resource [mem 0x40000000-0xfdffffff window]
[    4.255610] pci_bus 0000:00: root bus resource [bus 00-ff]
[    4.268048] pci 0000:00:01.1: legacy IDE quirk: reg 0x10: [io  0x01f0-0x01f7]
[    4.270542] pci 0000:00:01.1: legacy IDE quirk: reg 0x14: [io  0x03f6]
[    4.292699] pci 0000:00:01.1: legacy IDE quirk: reg 0x18: [io  0x0170-0x0177]
[    4.322166] pci 0000:00:01.1: legacy IDE quirk: reg 0x1c: [io  0x0376]
[    4.362805] pci 0000:00:07.0: quirk: [io  0x4000-0x403f] claimed by PIIX4 ACPI
[    4.366708] pci 0000:00:07.0: quirk: [io  0x4100-0x410f] claimed by PIIX4 SMB
[    4.386918] ACPI: PCI Interrupt Link [LNKA] (IRQs 5 9 10 *11)
[    4.393424] ACPI: PCI Interrupt Link [LNKB] (IRQs 5 9 *10 11)
[    4.395093] ACPI: PCI Interrupt Link [LNKC] (IRQs 5 *9 10 11)
[    4.396745] ACPI: PCI Interrupt Link [LNKD] (IRQs 5 9 10 *11)
[    4.398395] ACPI: Enabled 2 GPEs in block 00 to 07
[    4.409901] vgaarb: setting as boot device: PCI:0000:00:02.0
[    4.421025] vgaarb: device added: PCI:0000:00:02.0,decodes=io+mem,owns=io+mem,locks=none
[    4.423009] vgaarb: loaded
[    4.423719] vgaarb: bridge control possible 0000:00:02.0
[    4.425719] SCSI subsystem initialized
[    4.429673] ACPI: bus type USB registered
[    4.430634] usbcore: registered new interface driver usbfs
[    4.431885] usbcore: registered new interface driver hub
[    4.443042] usbcore: registered new device driver usb
[    4.446810] PCI: Using ACPI for IRQ routing
[    4.449745] NetLabel: Initializing
[    4.468003] NetLabel:  domain hash size = 128
[    4.478021] NetLabel:  protocols = UNLABELED CIPSOv4
[    4.483063] NetLabel:  unlabeled traffic allowed by default
[    4.486547] amd_nb: Cannot enumerate AMD northbridges
[    4.488224] clocksource: Switched to clocksource kvm-clock
[    4.557422] AppArmor: AppArmor Filesystem Enabled
[   4.648] pnp: PnP ACPI init
[  4.677007] pnp: PnP ACPI: found 3 devices

[   4.744915] clockure:aci_m:as 0xfffffmax_cycles: 0xffffff, max_idle_ns: 2085701024 ns
[   13967] NET: Registered prtoco fil2
[   5.682]CPstblhehah bl eris:812 rdr:4, 653bys)
[   2867] P in hsh tlentie: 19(ode: , 312 yts)
[    7.025 T: Hash tables configured (esablished 8192 bind 8192)
[   7417336] UDP hash table entries: 512 (order: 2, 16384 bytes)
[    7.499077] UDP-Lite hash table entries: 512 (order: 2, 16384 bytes)
[   500917NE: giered roco fmiy 
[   795662] pci 0000:00:00.0: Limiting directPCI/PCItransfers
[    8.127400] pci 0000:00:01.0: Activating ISA DMA hang workarounds
[    8.153310]npacking initramfs...

[    8.478076] Freeing initrd memory: 15276K
[    8.566217] RAPL PMU detected, API unit is 2^-32 Joules, 4 fixed counters 10737418240 ms ovfl timer
[    8.575962] hw unit of domain pp0-core 2^-0 Joules
[    8.592458] hw unit of domain package 2^-0 Joules
[    8.613593] hw unit of domain dram 2^-0 Joules
[    8.626729] hw unit of domain pp1-gpu 2^-0 Joules
[    8.651823] platform rtc_cmos: registered platform RTC device (no PNP device found)
[    8.669343] Scanning for low memory corruption every 60 seconds
[    8.674313] audit: initializing netlink subsys (disabled)
[    8.679712] audit: type=2000 audit(1521730493.177:1): initialized
[    8.690604] Initialise system trusted keyring
[    8.700853] HugeTLB registered 2 MB page size, pre-allocated 0 pages
[    8.735525] zbud: loaded
[    8.737739] VFS: Disk quotas dquot_6.6.0
[    8.743843] VFS: Dquot-cache hash table entries: 512 (order 0, 4096 bytes)
[    8.756966] squashfs: version 4.0 (2009/01/31) Phillip Lougher
[    8.768462] fuse init (API version 7.23)
[    8.785287] Key type big_key registered
[    8.790447] Allocating IMA MOK and blacklist keyrings.
[    8.803832] Key type asymmetric registered
[    8.833058] Asymmetric key parser 'x509' registered
[    8.849274] Block layer SCSI generic (bsg) driver version 0.4 loaded (major 249)
[    8.903620] io scheduler noop registered
[    8.909301] io scheduler deadline registered (default)
[    8.930106] io scheduler cfq registered
[    8.932775] pci_hotplug: PCI Hot Plug PCI Core version: 0.5
[    8.935144] pciehp: PCI Express Hot Plug Controller Driver version: 0.4
[    8.941563] ACPI: AC Adapter [AC] (off-line)
[    8.948471] input: Power Button as /devices/LNXSYSTM:00/LNXPWRBN:00/input/input0
[    8.965631] ACPI: Power Button [PWRF]
[    8.968893] input: Sleep Button as /devices/LNXSYSTM:00/LNXSLPBN:00/input/input1
[    8.973876] ACPI: Sleep Button [SLPF]
[    8.983394] ACPI: Battery Slot [BAT0] (battery present)
[    8.988615] GHES: HEST is not enabled!
[    9.005699] Serial: 8250/16550 driver, 32 ports, IRQ sharing enabled
[    9.044627] 00:02: ttyS0 at I/O 0x3f8 (irq = 4, base_baud = 115200) is a 16550A
[    9.059897] Linux agpgart interface v0.103
[    9.078778] loop: module loaded
[    9.079560] scsi host0: ata_piix
[    9.079639] scsi host1: ata_piix
[    9.079681] ata1: PATA max UDMA/33 cmd 0x1f0 ctl 0x3f6 bmdma 0xd000 irq 14
[    9.079682] ata2: PATA max UDMA/33 cmd 0x170 ctl 0x376 bmdma 0xd008 irq 15
[    9.079783] libphy: Fixed MDIO Bus: probed
[    9.079786] tun: Universal TUN/TAP device driver, 1.6
[    9.079786] tun: (C) 1999-2004 Max Krasnyansky <maxk@qualcomm.com>
[    9.079857] PPP generic driver version 2.4.2
[    9.079922] ehci_hcd: USB 2.0 'Enhanced' Host Controller (EHCI) Driver
[    9.079928] ehci-pci: EHCI PCI platform driver
[    9.079948] ehci-platform: EHCI generic platform driver
[    9.079958] ohci_hcd: USB 1.1 'Open' Host Controller (OHCI) Driver
[    9.079962] ohci-pci: OHCI PCI platform driver
[    9.079974] ohci-platform: OHCI generic platform driver
[    9.079983] uhci_hcd: USB Universal Host Controller Interface driver
[    9.080052] i8042: PNP: PS/2 Controller [PNP0303:PS2K,PNP0f03:PS2M] at 0x60,0x64 irq 1,12
[    9.080679] serio: i8042 KBD port at 0x60,0x64 irq 1
[    9.080686] serio: i8042 AUX port at 0x60,0x64 irq 12
[    9.080846] mousedev: PS/2 mouse device common for all mice
[    9.081181] input: AT Translated Set 2 keyboard as /devices/platform/i8042/serio0/input/input2
[    9.081600] rtc_cmos rtc_cmos: rtc core: registered rtc_cmos as rtc0
[    9.081671] rtc_cmos rtc_cmos: alarms up to one day, 114 bytes nvram
[    9.081679] i2c /dev entries driver
[    9.081749] device-mapper: uevent: version 1.0.3
[    9.081820] device-mapper: ioctl: 4.34.0-ioctl (2015-10-28) initialised: dm-devel@redhat.com
[    9.081843] ledtrig-cpu: registered to indicate activity on CPUs
[    9.082185] NET: Registered protocol family 10
[    9.082355] NET: Registered protocol family 17
[    9.082368] Key type dns_resolver registered
[    9.082546] microcode: CPU0 sig=0x306d4, pf=0x40, revision=0x0
[    9.132624] microcode: CPU1 sig=0x306d4, pf=0x40, revision=0x0
[    9.132777] microcode: Microcode Update Driver: v2.01 <tigran@aivazian.fsnet.co.uk>, Peter Oruba
[    9.133110] registered taskstats version 1
[    9.133146] Loading compiled-in X.509 certificates
[    9.134403] Loaded X.509 cert 'Build time autogenerated kernel key: aa84f01984fbd529c105810b59e379d349698248'
[    9.134628] zswap: loaded using pool lzo/zbud
[    9.138248] Key type trusted registered
[    9.147744] Key type encrypted registered
[    9.147752] AppArmor: AppArmor sha1 policy hashing enabled
[    9.147755] ima: No TPM chip found, activating TPM-bypass!
[    9.147777] evm: HMAC attrs: 0x1
[    9.148751]   Magic number: 10:11:941
[    9.165131] rtc_cmos rtc_cmos: setting system clock to 2018-03-22 14:54:52 UTC (1521730492)
[    9.165292] BIOS EDD facility v0.16 2004-Jun-25, 0 devices found
[    9.165293] EDD information not available.
[    9.893960] tsc: Refined TSC clocksource calibration: 2899.999 MHz
[    9.902861] clocksource: tsc: mask: 0xffffffffffffffff max_cycles: 0x29cd420d9ea, max_idle_ns: 440795262284 ns
[    9.915611] Freeing unused kernel memory: 1508K
[   10.071411] Write protecting the kernel read-only data: 14336k
[   10.087164] Freeing unused kernel memory: 1700K
[   10.097787] Freeing unused kernel memory: 104K
Loading, please wait...
starting version[   10.130781] random: systemd-udevd: uninitialized urandom read (16 bytes read, 7 bits of entropy available)
 229
[   10.131448] random: udevadm: uninitialized urandom read (16 bytes read, 7 bits of entropy available)
[   10.131522] random: udevadm: uninitialized urandom read (16 bytes read, 7 bits of entropy available)
[   10.147641] random: udevadm: uninitialized urandom read (16 bytes read, 7 bits of entropy available)
[   10.147789] random: udevadm: uninitialized urandom read (16 bytes read, 7 bits of entropy available)
[   10.148166] random: udevadm: uninitialized urandom read (16 bytes read, 7 bits of entropy available)
[   10.148336] random: udevadm: uninitialized urandom read (16 bytes read, 7 bits of entropy available)
[   10.148427] random: udevadm: uninitialized urandom read (16 bytes read, 7 bits of entropy available)
[   10.148520] random: udevadm: uninitialized urandom read (16 bytes read, 7 bits of entropy available)
[   10.148607] random: udevadm: uninitialized urandom read (16 bytes read, 7 bits of entropy available)
[   10.429362] e1000: Intel(R) PRO/1000 Network Driver - version 7.3.21-k8-NAPI
[   10.440075] e1000: Copyright (c) 1999-2006 Intel Corporation.
[   10.445909] Fusion MPT base driver 3.04.20
[   10.464412] Copyright (c) 1999-2008 LSI Corporation
[   10.497071] AVX2 version of gcm_enc/dec engaged.
[   10.509051] AES CTR mode by8 optimization enabled
[   10.516129] Fusion MPT SPI Host driver 3.04.20
[   10.705790] input: ImExPS/2 Generic Explorer Mouse as /devices/platform/i8042/serio1/input/input4
[   10.936028] e1000 0000:00:03.0 eth0: (PCI:33MHz:32-bit) 02:38:07:4c:82:85
[   10.943360] e1000 0000:00:03.0 eth0: Intel(R) PRO/1000 Network Connection
[   10.956309] mptbase: ioc0: Initiating bringup
[   10.960910] e1000 0000:00:03.0 enp0s3: renamed from eth0
[   11.020690] ioc0: LSI53C1030 A0: Capabilities={Initiator}
[   11.197654] scsi host2: ioc0: LSI53C1030 A0, FwRev=00000000h, Ports=1, MaxQ=256, IRQ=20
[   11.332744] scsi 2:0:0:0: Direct-Access     VBOX     HARDDISK         1.0  PQ: 0 ANSI: 5
[   11.382305] scsi target2:0:0: Beginning Domain Validation
[   11.389486] scsi target2:0:0: Domain Validation skipping write tests
[   11.399753] scsi target2:0:0: Ending Domain Validation
[   11.400955] scsi target2:0:0: asynchronous
[   11.411101] scsi 2:0:1:0: Direct-Access     VBOX     HARDDISK         1.0  PQ: 0 ANSI: 5
[   11.433380] scsi target2:0:1: Beginning Domain Validation
[   11.436346] scsi target2:0:1: Domain Validation skipping write tests
[   11.442298] scsi target2:0:1: Ending Domain Validation
[   11.451724] scsi target2:0:1: asynchronous
[   11.461364] sd 2:0:0:0: [sda] 20971520 512-byte logical blocks: (10.7 GB/10.0 GiB)
[   11.461686] sd 2:0:0:0: Attached scsi generic sg0 type 0
[   11.466960] sd 2:0:1:0: Attached scsi generic sg1 type 0
[   11.522979] sd 2:0:1:0: [sdb] 20480 512-byte logical blocks: (10.5 MB/10.0 MiB)
[   11.523024] sd 2:0:0:0: [sda] Write Protect is off
[   11.523145] sd 2:0:0:0: [sda] Incomplete mode parameter data
[   11.523147] sd 2:0:0:0: [sda] Assuming drive cache: write through
[   11.610758]  sda: sda1
[   11.611571] sd 2:0:0:0: [sda] Attached SCSI disk
[   11.699591] sd 2:0:1:0: [sdb] Write Protect is off
[   11.755214] sd 2:0:1:0: [sdb] Incomplete mode parameter data
[   11.787501] sd 2:0:1:0: [sdb] Assuming drive cache: write through
[   11.797451] sd 2:0:1:0: [sdb] Attached SCSI disk
[   13.552231] floppy0: no floppy controllers found
Begin: Loading e[   15.906304] md: linear personality registered for level -1
ssential drivers[   16.007098] md: multipath personality registered for level -4
 ... [   16.057967] md: raid0 personality registered for level 0
[   16.086229] md: raid1 personality registered for level 1
[   16.208663] raid6: sse2x1   gen()  4840 MB/s
[   16.292691] raid6: sse2x1   xor()  2457 MB/s
[   16.380332] raid6: sse2x2   gen()  3916 MB/s
[   16.448253] raid6: sse2x2   xor()  5442 MB/s
[   16.516263] raid6: sse2x4   gen() 10716 MB/s
[   16.584263] raid6: sse2x4   xor()  8589 MB/s
[   16.668278] raid6: avx2x1   gen() 14350 MB/s
[   16.736263] raid6: avx2x2   gen() 18143 MB/s
[   16.812329] raid6: avx2x4   gen() 19056 MB/s
[   16.818610] raid6: using algorithm avx2x4 gen() 19056 MB/s
[   16.819762] raid6: using avx2x2 recovery algorithm
[   16.826251] xor: automatically using best checksumming function:
[   16.872878]    avx       : 19505.000 MB/sec
[   16.908029] async_tx: api initialized (async)
[   16.928576] md: raid6 personality registered for level 6
[   16.938776] md: raid5 personality registered for level 5
[   16.955572] md: raid4 personality registered for level 4
[   16.972354] md: raid10 personality registered for level 10
done.
Begin: Running /scripts/init-premount ... done.
Begin: Mounting root file system ... Begin: Running /scripts/local-top ... done.
Begin: Running /scripts/local-[   17.029527] Btrfs loaded
premount ... Scanning for Btrfs filesystems
done.
Warning: fsck not present, so sk[   17.096390] EXT4-fs (sda1): INFO: recovery required on readonly filesystem
ipping root file system
[   17.140174] EXT4-fs (sda1): write access will be enabled during recovery
[   17.206036] EXT4-fs (sda1): recovery complete
[   17.238403] EXT4-fs (sda1): mounted filesystem with ordered data mode. Opts: (null)
done.
Begin: Running /scripts/local-bottom ... done.
Begin: Running /scripts/init-bottom ... done.
[   17.367908] systemd[1]: systemd 229 running in system mode. (+PAM +AUDIT +SELINUX +IMA +APPARMOR +SMACK +SYSVINIT +UTMP +LIBCRYPTSETUP +GCRYPT +GNUTLS +ACL +XZ -LZ4 +SECCOMP +BLKID +ELFUTILS +KMOD -IDN)
[   17.380449] systemd[1]: Detected virtualization oracle.
[   17.392695] systemd[1]: Detected architecture x86-64.

Welcome to [1mUbuntu 16.04.3 LTS[0m!

[   17.419603] systemd[1]: Set hostname to <ubuntu-xenial>.
[   17.621795] systemd[1]: Started Trigger resolvconf update for networkd DNS.
[[0;32m  OK  [0m] Started Trigger resolvconf update for networkd DNS.
[   17.669488] systemd[1]: Listening on /dev/initctl Compatibility Named Pipe.
[[0;32m  OK  [0m] Listening on /dev/initctl Compatibility Named Pipe.
[   17.701479] systemd[1]: Listening on LVM2 poll daemon socket.
[[0;32m  OK  [0m] Listening on LVM2 poll daemon socket.
[   17.769247] systemd[1]: Listening on Syslog Socket.
[[0;32m  OK  [0m] Listening on Syslog Socket.
[   17.837777] systemd[1]: Listening on udev Kernel Socket.
[[0;32m  OK  [0m] Listening on udev Kernel Socket.
[   17.869200] systemd[1]: Listening on Device-mapper event daemon FIFOs.
[[0;32m  OK  [0m] Listening on Device-mapper event daemon FIFOs.
[   17.974197] systemd[1]: Created slice User and Session Slice.
[[0;32m  OK  [0m] Created slice User and Session Slice.
[   18.065211] systemd[1]: Created slice System Slice.
[[0;32m  OK  [0m] Created slice System Slice.
[   18.134948] systemd[1]: Reached target Slices.
[[0;32m  OK  [0m] Reached target Slices.
[   18.154050] systemd[1]: Listening on Journal Audit Socket.
[[0;32m  OK  [0m] Listening on Journal Audit Socket.
[   18.212744] systemd[1]: Set up automount Arbitrary Executable File Formats File System Automount Point.
[[0;32m  OK  [0m] Set up automount Arbitrary Executab...ats File System Automount Point.
[   18.272552] systemd[1]: Reached target User and Group Name Lookups.
[[0;32m  OK  [0m] Reached target User and Group Name Lookups.
[   18.329109] systemd[1]: Reached target Encrypted Volumes.
[[0;32m  OK  [0m] Reached target Encrypted Volumes.
[   18.400605] systemd[1]: Listening on Journal Socket (/dev/log).
[[0;32m  OK  [0m] Listening on Journal Socket (/dev/log).
[   18.455574] systemd[1]: Reached target Swap.
[[0;32m  OK  [0m] Reached target Swap.
[   18.469208] systemd[1]: Listening on Journal Socket.
[[0;32m  OK  [0m] Listening on Journal Socket.
[   18.577967] systemd[1]: Starting Remount Root and Kernel File Systems...
[   18.582404] random: nonblocking pool is initialized
[   18.595172] EXT4-fs (sda1): re-mounted. Opts: (null)
         Starting Remount Root and Kernel File Systems...
[   18.653381] systemd[1]: Starting Set console keymap...
         Starting Set console keymap...
[   18.681692] systemd[1]: Mounting Huge Pages File System...
         Mounting Huge Pages File System...
[   18.720785] systemd[1]: Starting Create list of required static device nodes for the current kernel...
         Starting Create list of required st... nodes for the current kernel...
[   18.805096] systemd[1]: Starting Load Kernel Modules...
[   18.828044] Loading iSCSI transportlas v2.087.          Startin[   19.001755] iscsi: registered transport (tcp)
g Load Kernel Modules...
[   19.207078] iscsi: registered transport (iser)
[   19.300654] systemd[1]: Mounting Debug File System...
         Mounting Debug File System...
[   19.334004] systemd[1]: Mounting POSIX Message Queue File System...
         Mounting POSIX Message Queue File System...
[   19.380663] systemd[1]: Listening on udev Control Socket.
[[0;32m  OK  [0m] Listening on udev Control Socket.
[   19.412696] systemd[1]: Starting Nameserver information manager...
         Starting Nameserver information manager...
[   19.453202] systemd[1]: Created slice system-serial\x2dgetty.slice.
[[0;32m  OK  [0m] Created slice system-serial\x2dgetty.slice.
[   19.502052] systemd[1]: Listening on LVM2 metadata daemon socket.
[[0;32m  OK  [0m] Listening on LVM2 metadata daemon socket.
[   19.568990] systemd[1]: Started Forward Password Requests to Wall Directory Watch.
[[0;32m  OK  [0m] Started Forward Password Requests to Wall Directory Watch.
[   19.632544] systemd[1]: Starting Monitoring of LVM2 mirrors, snapshots etc. using dmeventd or progress polling...
         Starting Monitoring of LVM2 mirrors... dmeventd or progress polling...
[   19.844104] systemd[1]: Starting Journal Service...
         Starting Journal Service...
[   19.857498] systemd[1]: Starting Uncomplicated firewall...
         Starting Uncomplicated firewall...
[   19.898591] systemd[1]: Mounted POSIX Message Queue File System.
[[0;32m  OK  [0m] Mounted POSIX Message Queue File System.
[   19.941731] systemd[1]: Mounted Huge Pages File System.
[[0;32m  OK  [0m] Mounted Huge Pages File System.
[   19.980693] systemd[1]: Mounted Debug File System.
[[0;32m  OK  [0m] Mounted Debug File System.
[   20.008750] systemd[1]: Started Journal Service.
[[0;32m  OK  [0m] Started Journal Service.
[[0;32m  OK  [0m] Started Remount Root and Kernel File Systems.
[[0;32m  OK  [0m] Started Set console keymap.
[[0;32m  OK  [0m] Started Create list of required sta...ce nodes for the current kernel.
[[0;32m  OK  [0m] Started Load Kernel Modules.
[[0;32m  OK  [0m] Started Uncomplicated firewall.
[[0;32m  OK  [0m] Started Nameserver information manager.
[[0;32m  OK  [0m] Started LVM2 metadata daemon.
         Mounting FUSE Control File System...
         Starting Apply Kernel Variables...
         Starting Create Static Device Nodes in /dev...
         Starting Initial cloud-init job (pre-networking)...
         Starting udev Coldplug all Devices...
         Starting Load/Save Random Seed...
         Starting Flush Journal to Persistent Storage...
[[0;32m  OK  [0m] Mounted FUSE Control File System.
[[0;32m  OK  [0m] Started Apply Kernel Variables.
[[0;32m  OK  [0m] Started Create Static Device Nodes in /dev.
[[0;32m  OK  [0m] Started Load/Save Random Seed.
         Starting udev Kernel Device Manager...
[[0;32m  OK  [0m] Started Flush Journal to Persistent Storage.
[[0;32m  OK  [0m] Started udev Coldplug all Devices.
[[0;32m  OK  [0m] Started udev Kernel Device Manager.
         Starting LSB: QEMU KVM module loading script...
[[0;32m  OK  [0m] Started Dispatch Password Requests to Console Directory Watch.
[[0;32m  OK  [0m] Started Monitoring of LVM2 mirrors,...ng dmeventd or progress polling.
[[0;32m  OK  [0m] Reached target Local File Systems (Pre).
[[0;32m  OK  [0m] Reached target Local File Systems.
         Starting Create Volatile Files and Directories...
         Starting Tell Plymouth To Write Out Runtime Data...
         Starting Enable support for additional executable binary formats...
         Starting LSB: AppArmor initialization...
         Starting Set console font and keymap...
[[0;32m  OK  [0m] Started LSB: QEMU KVM module loading script.
[[0;32m  OK  [0m] Started Create Volatile Files and Directories.
[[0;32m  OK  [0m] Started Tell Plymouth To Write Out Runtime Data.
         Mounting Arbitrary Executable File Formats File System...
         Starting Update UTMP about System Boot/Shutdown...
[[0;32m  OK  [0m] Reached target System Time Synchronized.
[[0;32m  OK  [0m] Mounted Arbitrary Executable File Formats File System.
[[0;32m  OK  [0m] Started Update UTMP about System Boot/Shutdown.
[[0;32m  OK  [0m] Started Enable support for additional executable binary formats.
[[0;32m  OK  [0m] Started LSB: AppArmor initialization.
[[0;32m  OK  [0m] Found device /dev/ttyS0.
[[0;32m  OK  [0m] Listening on Load/Save RF Kill Switch Status /dev/rfkill Watch.
[[0;32m  OK  [0m] Found device 82540EM Gigabit Ethern...r (PRO/1000 MT Desktop Adapter).
[[0;32m  OK  [0m] Started Set console font and keymap.
[   18.616524] cloud-init[457]: Cloud-init v. 17.1 running 'init-local' at Thu, 22 Mar 2018 14:55:05 +0000. Up 18.25 seconds.
[[0;32m  OK  [0m] Started Initial cloud-init job (pre-networking).
[[0;32m  OK  [0m] Reached target Network (Pre).
         Starting Raise network interfaces...
[[0;32m  OK  [0m] Started ifup for enp0s3.
[[0;32m  OK  [0m] Created slice system-getty.slice.
[[0;32m  OK  [0m] Started Raise network interfaces.
         Starting Initial cloud-init job (metadata service crawler)...
[[0;32m  OK  [0m] Reached target Network.
[   21.107385] cloud-init[981]: Cloud-init v. 17.1 running 'init' at Thu, 22 Mar 2018 14:55:08 +0000. Up 20.72 seconds.
[   21.172436] cloud-init[981]: ci-info: +++++++++++++++++++++++++++++++++++++Net device info+++++++++++++++++++++++++++++++++++++
[[0;32m  OK  [0m] Started Initial cloud-init job (metadata service crawler).
[   21.173129] cloud-init[981]: ci-info: +--------+------+---------------------------+---------------+-------+-------------------+
[   21.329671] cloud-init[981]: ci-info: | Device |  Up  |          Address          |      Mask     | Scope |     Hw-Address    |
[   21.329932] cloud-init[981]: ci-info: +--------+------+---------------------------+---------------+-------+-------------------+
[[0;32m  OK  [0m] Reached target Cloud-config availability.
[[   21.330043] cloud-init[981]: ci-info: | enp0s3 | True |         10.0.2.15         | 255.255.255.0 |   .   | 02:38:07:4c:82:85 |
[0;32m  OK  [0m] Reached target System Initialization.
[   21.457225] cloud-init[981]: ci-info: | enp0s3 | True | fe80::38:7ff:fe4c:8285/64 |       .       |  link | 02:38:07:4c:82:85 |
[   21.621128] cloud-init[981]: ci-info: |   lo   | True |         127.0.0.1         |   255.0.0.0   |   .   |         .         |
[   21.621479] cloud-init[981]: ci-info: |   lo   | True |          ::1/128          |       .       |  host |         .         |
         Starting LXD - unix socket.
[[   21.621662] cloud-init[981]: ci-info: +--------+------+---------------------------+---------------+-------+-------------------+
[   21.715085] cloud-init[981]: ci-info: +++++++++++++++++++++++++++Route IPv4 info++++++++++++++++++++++++++++
[   21.715261] cloud-init[981]: ci-info: +-------+-------------+----------+---------------+-----------+-------+
[   21.715463] cloud-init[981]: ci-info: | Route | Destination | Gateway  |    Genmask    | Interface | Flags |
[   21.715670] cloud-init[981]: ci-info: +-------+-------------+----------+---------------+-----------+-------+
[   21.715879] cloud-init[981]: ci-info: |   0   |   0.0.0.0   | 10.0.2.2 |    0.0.0.0    |   enp0s3  |   UG  |
[0;32m  OK  [0m] Listening on D-Bus System Message Bus Socket.
[   21.716557] cloud-init[981]: ci-info: |   1   |   10.0.2.0  | 0.0.0.0  | 255.255.255.0 |   enp0s3  |   U   |
[   21.937805] cloud-init[981]: ci-info: +-------+-------------+----------+---------------+-----------+-------+
[[0;32m  OK  [0m] Started Daily Cleanup of Temporary Directories.
[[0;32m  OK  [0m] Started Timer to automatically refresh installed snaps.
         Starting Socket activation for snappy daemon.
[[0;32m  OK  [0m] Listening on ACPID Listen Socket.
[[0;32m  OK  [0m] Started ACPI Events Check.
[[0;32m  OK  [0m] Reached target Paths.
[[0;32m  OK  [0m] Listening on UUID daemon activation socket.
[[0;32m  OK  [0m] Reached target Network is Online.
         Starting iSCSI initiator daemon (iscsid)...
[[0;32m  OK  [0m] Started Daily apt download activities.
[[0;32m  OK  [0m] Started Daily apt upgrade and clean activities.
[[0;32m  OK  [0m] Reached target Timers.
[[0;32m  OK  [0m] Listening on LXD - unix socket.
[[0;32m  OK  [0m] Listening on Socket activation for snappy daemon.
[[0;32m  OK  [0m] Started iSCSI initiator daemon (iscsid).
         Starting Login to default iSCSI targets...
[[0;32m  OK  [0m] Reached target Sockets.
[[0;32m  OK  [0m] Reached target Basic System.
[[0;32m  OK  [0m] Started Deferred execution scheduler.
         Starting System Logging Service...
         Starting LSB: MD monitoring daemon...
         Starting OpenBSD Secure Shell server...
[[0;32m  OK  [0m] Started Unattended Upgrades Shutdown.
         Starting Snappy daemon...
[[0;32m  OK  [0m] Started D-Bus System Message Bus.
         Starting Login Service...
         Starting Apply the settings specified in cloud-config...
         Starting LSB: Record successful boot for GRUB...
[[0;32m  OK  [0m] Started Regular background program processing daemon.
[[0;32m  OK  [0m] Started ACPI event daemon.
         Starting Accounts Service...
[[0;32m  OK  [0m] Started FUSE filesystem for LXC.
         Starting /etc/rc.local Compatibility...
         Starting LXD - container startup/shutdown...
[[0;32m  OK  [0m] Started System Logging Service.
[[0;32m  OK  [0m] Started OpenBSD Secure Shell server.
[[0;32m  OK  [0m] Started Snappy daemon.
[[0;32m  OK  [0m] Started /etc/rc.local Compatibility.
[[0;32m  OK  [0m] Started Login to default iSCSI targets.
[[0;32m  OK  [0m] Started LSB: MD monitoring daemon.
[[0;32m  OK  [0m] Started LSB: Record successful boot for GRUB.
[[0;32m  OK  [0m] Started LXD - container startup/shutdown.
[[0;32m  OK  [0m] Started Login Service.
         Starting Authenticate and Authorize Users to Run Privileged Tasks...
[[0;32m  OK  [0m] Reached target Remote File Systems (Pre).
[[0;32m  OK  [0m] Reached target Remote File Systems.
         Starting LSB: daemon to balance interrupts for SMP systems...
         Starting Permit User Sessions...
         Starting LSB: Set the CPU Frequency Scaling governor to "ondemand"...
         Starting LSB: VirtualBox Linux Additions...
         Starting LSB: automatic crash report generation...
[[0;32m  OK  [0m] Started Permit User Sessions.
[[0;32m  OK  [0m] Started Authenticate and Authorize Users to Run Privileged Tasks.
[[0;32m  OK  [0m] Started Accounts Service.
[[0;32m  OK  [0m] Started LSB: daemon to balance interrupts for SMP systems.
         Starting Hold until boot process finishes up...
         Starting Terminate Plymouth Boot Screen...
[[0;32m  OK  [0m] Started LSB: Set the CPU Frequency Scaling governor to "ondemand".
[[0;32m  OK  [0m] Started LSB: VirtualBox Linux Additions.
[[0;32m  OK  [0m] Started LSB: automatic crash report generation.
[[0;32m  OK  [0m] Started Hold until boot process finishes up.
[[0;32m  OK  [0m] Started Terminate Plymouth Boot Screen.
[[0;32m  OK  [0m] Created slice User Slice of vagrant.
[[0;32m  OK  [0m] Started Session 1 of user vagrant.
         Starting User Manager for UID 1000...
[[0;32m  OK  [0m] Started Serial Getty on ttyS0.
         Starting Set console scheme...
[[0;32m  OK  [0m] Started Getty on tty1.
[[0;32m  OK  [0m] Reached target Login Prompts.
[   24.323520] cloud-init[1065]: Cloud-init v. 17.1 running 'modules:config' at Thu, 22 Mar 2018 14:55:11 +0000. Up 24.04 seconds.
[[0;32m  OK  [0m] Reached target Multi-User System.
[[0;32m  OK  [0m] Reached target Graphical Interface.
         Starting Update UTMP about System Runlevel Changes...
[[0;32m  OK  [0m] Started User Manager for UID 1000.
[[0;32m  OK  [0m] Started Apply the settings specified in cloud-config.
[[0;32m  OK  [0m] Started Set console scheme.
[[0;32m  OK  [0m] Started Update UTMP about System Runlevel Changes.
         Starting Execute cloud user/final scripts...
[   25.872123] cloud-init[1231]: Cloud-init v. 17.1 running 'modules:final' at Thu, 22 Mar 2018 14:55:12 +0000. Up 25.57 seconds.
[   25.949047] cloud-init[1231]: Cloud-init v. 17.1 finished at Thu, 22 Mar 2018 14:55:13 +0000. Datasource DataSourceNoCloud [seed=/dev/sdb][dsmode=net].  Up 25.86 seconds
[[0;32m  OK  [0m] Started Execute cloud user/final scripts.
[[0;32m  OK  [0m] Reached target Cloud-init target.

Ubuntu 16.04.3 LTS ubuntu-xenial ttyS0

ubuntu-xenial login: 