[    0.000000] Initializing cgroup subsys cpuset
[    0.000000] Initializing cgroup subsys cpu
[    0.000000] Initializing cgroup subsyscpuacct
[    0.000000] Linux erion 4.4.0-116-generic (buildd@lgw01-amd64-021) (gcc version 5.4.0 20160609 (Ubuntu 5.4.0-6ubuntu1~16.04.9) ) #140-Ubuntu SMP Mon Feb 12 21:23:04 UTC 2018 (Ubuntu 4.4.0-116.140-generic 4.4.98)
[    0.000000] Command line: BOOT_IMAGE=/boot/vmlinuz-4.4.0-116-generic root=UUID=676eac73-81dc-4fbd-bdea-aebcbe447240 o console=tty1 console=ttyS0
[    0.000000] KERNEL supported cpus:
[    0.000000]   Intel GenuineIntel
[    0.000000]   AMD AuthenticAMD
[    0.000000]   Centaur CentaurHauls
[    0.000000] x86/fpu: xstate_offset[2]:  576, xstate_sizes[2]:  256
[    0.000000] x86/fpu: Supporting XSAVE feature 0x01: 'x87 floating point registers'
[    0.000000] x86/fpu: Supporting XSAVE feature 0x02: 'SSE registers'
[    0.000000] x86/fpu: Supporting XSAVE feature 0x04: 'AVX registers'
[    0.000000] x86/fpu: Enabled xstate features 0x7, context size is 832 bytes, using 'standard' format.
[    0.000000] x86/fpu: Using 'lazy' FPU context switches.
[    0.000000] e820: BIOS-provided physical RAM map:
[    0.000000] BIOS-e820: [mem 0x0000000000000000-00000000009fbff] usable
[    0.000000] BIOS-e820: [mem 0x000000000009fc00-0x000000000009ffff] reserved
[    0.000000] BIOS-e820: [mem 0x00000000000f0000-0x00000000000fffff] reserved
[    0.000000] BIOS82: [mem 0x0000000000100000-0x000000003ffeffff] usable
[    0.000000] BIOS-e820: [mem 0x000000003fff0000-0x000000003fffffff] ACPI data
[    0.000000] BIOS-e820: [mem 0x00000000fec00000-0x00000000fec00fff] reserved
[    0.000000] BIOS-e820: [mem 0x00000000fee00000-0x00000000fee00fff] reserved
[    0.000000] BIOS-e820: [mem 0x00000000fffc0000-0x00000000ffffffff] reserved
[    0.000000] NX (Exute Disable) protection: active
[    0.000000] SMBIOS 2.5 present.
[    0.000000] Hypervisor detected: KVM
[    0.000000] e820: last_pfn = 0x3fff0 max_arch_pfn = 0x400000000
[    0.000000] MTRR: Disabled
[    0.000000] x86/PAT: MTRRs disabled, skipping PAT initialization too.
[    0.000000] CPU MTRRs all blank - virtualized system.
[    0.000000] x86/PAT: Configuration [0-7]: WB  WT  UC- UC  WB  WT  UC- UC  
[    0.000000] foud SMMP-table at [mem 0x0009fff0-0x0009ffff]mapped at [ffff88000009fff0]
[    0.000000] Scanning 1 areas for low memory corrption
[    0.000000] RAMDISK: [mem 0x3621a000-0x37104fff]
[    0.000000] ACPI: Early table checksum verification disabled
[    0.000000] ACPI: RSDP 0x00000000000E0000 000024 (v02 VBOX  )
[    0.000000] ACPI: XSDT 0x000000003FFF00 00003C (v01 VBOX   VBOXXSDT 00000001 ASL  00000061)
[    0.000000] ACPI: FACP 0x000000003FFF00F0 0000F4 (v04 VBOX   VBOXFACP 00000001 ASL  00000061)
[    0.000000] ACPI: DSDT 0x000000003FFF0470 0021FF (v02 VBOX   VBOXBIOS 00000002 NTL 20100528)
[    0.000000] ACPI: FACS 0x000000003FFF0200 000040
[    0.000] ACPIFACS 0x00000003FFF0200 000040
[    0.000000] ACP: IC 0x000000003FFF0240 00005C (v02 VBOX   VBOXAPIC 00000001 ASL  00000061)
[    0.000000] ACPI: SSDT 0x000000003FFF02A0 0001CC (v01 VBOX   VBOXCPUT 00000002 INTL 20100528)
[    0.000000] No NUMA conigraion found
[    0.000000] Faking a node at [mem 0x0000000000000000-0x000000003ffeffff]
[    0.000000] NODE_DATA(0) allocated [me 0x3ffeb000-0x3ffeffff]
[    0.0000] kvclok: Usin ms b54d ad 4b564d0
[    0.00000 kvmlo: cpu 0, msr 0:3ffe3001, primary cpu cloc
[   00000] kvm-clok: usig ched offset of 3498516550 cycles[   0.000000] clocksource: kvm-clock: mask: 0ffffffffff max_cycles: 0x1cd2eff, maxid_n: 15051483ns
[   0.00000Zone rnges:
[   0.00000]   DMA     [m 000000000100-000000000ffffff]
[    0.000000  MA2    [mm 00000001000-0x00000003efff]
  0.00000]   oral   pt
[    0.0000]   Device   empty
[   0.00000] Movabl zonestrtfor eh od
[  0.000000] Early memory node ranges
[    0.000000]   node   0: [mem 0x000000000001000-0x00000000000ef]
[    0.000000]   node   0: [mem 0x0000000000100000-0x000000003ffeffff]
[    0.000000] Initmem setup node 0 [mem 0x0000000000001000-0x000000003fffff][   00000 ACI:M-imeIOort: 0x00
   0.000]IOAPIC[0: ic_i 2version 32, address 0xfec00000, GSI 0-23
[    0.000000] ACPI: INT_SRC_OVR (bus 0 bus_irq 0 global_irq 2 dfl df)
[    0.000000] ACPI: INT_SRC_OVR (bus 0 bus_irq 9 global_irq 9 low level)
[    0.000000] Using ACPI (MADT) for SM cfiuration information
[    0.000000] smpboot: Allowing 2 CPUs, 0 hotplug CPUs
[    0.000000] PM: Registered nosave memory: [mem 0x00000000-0x00000fff]
[    0.000000] PM: Registered nosave memory: [mem 0x0009f000-0x0009ffff]
[    0.000000] PM: Registered nosave memory: [mem0x0a0000x000fff]
[    0.000000] PM: Rested nosave memory: [mem 0x000f000-x000fffff]
[    0.000000] e820: [mem 0x40000000-0xfebfffff] available for PCI devices
[  0000000] Booting paravirtualized kernel on KVM
[    0.000000] clocksource: refined-jiffies: mask: 0xffffffff max_cycles: 0xffffffff, max_idle_ns: 7551600211568 ns
[    0.0000] setu_prcpu:NRPUS:512 nr_cpumas_bts12 nr_cpu_ids:2 nr_node_ids:1
[    0.000000] PERCPU: Embedded 34 pages/cpu @ffff88003fc00000 s99544 r8192 d31528 u1048576
[   .00000] V splock hash table entries: 256 (order: 0, 4096 bte
    0.00000] ilt 1 nests in No oder,moily grouinon.  Total pages:2513
[    0.000000] Policy zone: DMA32
[    0.000000] rn command ineBOT_IAGE=/boot/vmlinuz-4.4.0-116-generic root=UUID=676eac73-81dc-4fbd-bdea-aebcbe447240 ro console=tty1 cnsle=ttyS0
[    0.000000] PID hash table entries: 4096 (order: 3, 32768 bytes)
[    0.0000] emor 9256K/148120K available (8530K kernel code, 1309K rwdata,3992 rodata, 1508K init, 131K bss, 50864K reserved, 0K cma-reserved)
[    0.000000] SLUB: HWalign=64, Order=0-3, MinObjects=0, CPUs=2, Nodes=1
[    0.0000] Kernel/User page tables islaon enabled
[    0.00] Hierarchical RCU implementation.
[    0.000000] 	Build-time adjustment of leaf fanout to 64.
[    0.000000] 	RCU restricting CPUs from NR_CPUS=512 to _cu_ids=.    0.000000] RCU: Adjusting geometry for rcu_fanout_leaf=64, nr_cpu_ids=2
[    0.000000] NR_IRQS:33024 nr_irqs:440 16
[    0.000000] Console: colourVG 80x2
[    0.000000] console tt1] enabled
[    0.000000] console [ttyS0] enabled
[    0.000000] tsc: Detected 2899.998 MHz processor
[    5.251438] Calibrating delay loop (skipped) preset value.. 5799.99 BogoMIPS (lpj=11599992)
[    5.253236] pid_max: default: 32768 minimum: 301
[    5.254203] ACPI: Core revision 20150930
[  5255893] ACPI: 2 ACPI AML tables successfully acquired and loaded
[    5.367447] Security Framework initialized
[    5.420025] Yama: becoming mindful.
[    5.422065] AppArmor: AppArmor initialized
[    5.423034] Dentry cache hash table entries: 131072 (order: 8, 1048576 bytes)
[    5.426069] Inode-cache hash table entries: 65536 (order: 7, 524288 bytes)
[    5.480531] Mount-cache hash table entries: 2048 (order: 2, 16384 bytes)
[    5.579512] Mountpoint-cache hash table entries: 2048 (order: 2, 16384 bytes)
[    5.583140] Initializing cgroup subsys io
[    5.599421] Initializing cgroup subsys memory
[    5.656923] Initializing cgroup subsys devices
[    5.703930] Initializing cgroup subsys freezer
[    5.705009] Initializing cgroup subsys net_cls
[    5.706387] Initializing cgroup subsys perf_event
[    5.753606] Initializing cgroup subsys net_prio
[    5.754699] Initializing cgroup subsys hugetlb
[    5.805676] Initializing cgroup subsys pids
[    5.856689] CPU: Physical Processor ID: 0
[    5.887888] CPU: Processor Core ID: 0
[    5.900365] FEATURE SPEC_CTRL Not Present
[    5.901977] mce: CPU supports 0 MCE banks
[    5.937409] Last level iTLB entries: 4KB 64, 2MB 8, 4MB 8
[    5.967169] Last level dTLB entries: 4KB 64, 2MB 0, 4MB 0, 1GB 4
[    6.032585] Spectre V2 mitigation: Mitigation: Full generic retpoline
[    6.055767] Spectre V2 mitigation: Speculation control IBPB not-supported IBRS not-supported
[    6.108580] Freeing SMP alternatives memory: 32K
[    6.130321] ftrace: allocating 32186 entries in 126 pages
[    6.294414] smpboot: APIC(0) Converting physical 0 to logical package 0
[    6.351478] smpboot: Max logical packages: 1
[    6.373820] x2apic enabled
[    6.375813] Switched APIC routing to physical x2apic.
[    6.377855] ..TIMER: vector=0x30 apic1=0 pin1=2 apic2=-1 pin2=-1
[    6.499709] smpboot: CPU0: Intel(R) Core(TM) i5-5287U CPU @ 2.90GHz (family: 0x6, model: 0x3d, stepping: 0x4)
[    6.533181] Performance Events: unsupported p6 CPU model 61 no PMU driver, software events only.
[    6.572984] KVM setup paravirtual spinlock
[    6.574531] x86: Booting SMP configuration:
[    6.575446] .... node  #0, CPUs:      #1
[    6.576426] kvm-clock: cpu 1, msr 0:3ffe3041, secondary cpu clock
[    6.590438] mce: CPU supports 0 MCE banks
[    6.612955] x86: Booted up 1 node, 2 CPUs
[    6.614068] smpboot: Total of 2 processors activated (11599.99 BogoMIPS)
[    6.621654] devtmpfs: initialized
[    6.656913] evm: security.selinux
[    6.679675] evm: security.SMACK64
[    6.705277] evm: security.SMACK64EXEC
[    6.706104] evm: security.SMACK64TRANSMUTE
[    6.707243] evm: security.SMACK64MMAP
[    6.731855] evm: security.ima
[    6.749661] evm: security.capability
[    6.750664] clocksource: jiffies: mask: 0xffffffff max_cycles: 0xffffffff, max_idle_ns: 7645041785100000 ns
[    6.861088] futex hash table entries: 512 (order: 3, 32768 bytes)
[    6.902224] pinctrl core: initialized pinctrl subsystem
[    6.903512] RTC time: 15:27:16, date: 03/26/18
[    6.952043] NET: Registered protocol family 16
[    6.965599] cpuidle: using governor ladder
[    7.021319] cpuidle: using governor menu
[    7.062363] PCCT header not found.
[    7.069745] ACPI: bus type PCI registered
[    7.089824] acpiphp: ACPI Hot Plug PCI Controller Driver version: 0.5
[    7.141337] PCI: Using configuration type 1 for base access
[    7.205938] ACPI: Added _OSI(Module Device)
[    7.254898] ACPI: Added _OSI(Processor Device)
[    7.285525] ACPI: Added _OSI(3.0 _SCP Extensions)
[    7.330624] ACPI: Added _OSI(Processor Aggregator Device)
[    7.379279] ACPI: Executed 1 blocks of module-level executable AML code
[    7.460638] ACPI: Interpreter enabled
[    7.502878] ACPI: (supports S0 S5)
[    7.513444] ACPI: Using IOAPIC for interrupt routing
[    7.546048] PCI: Using host bridge windows from ACPI; if necessary, use "pci=nocrs" and report a bug
[    7.643171] ACPI: PCI Root Bridge [PCI0] (domain 0000 [bus 00-ff])
[    7.715193] acpi PNP0A03:00: _OSC: OS supports [ASPM ClockPM Segments MSI]
[    7.813558] acpi PNP0A03:00: _OSC: not requesting OS control; OS requires [ExtendedConfig ASPM ClockPM MSI]
[    7.884478] acpi PNP0A03:00: fail to add MMCONFIG information, can't access extended PCI configuration space under this bridge.
[    7.887329] PCI host bridge to bus 0000:00
[    7.888434] pci_bus 0000:00: root bus resource [io  0x0000-0x0cf7 window]
[    7.978601] pci_bus 0000:00: root bus resource [io  0x0d00-0xffff window]
[    8.036015] pci_bus 0000:00: root bus resource [mem 0x000a0000-0x000bffff window]
[    8.122845] pci_bus 0000:00: root bus resource [mem 0x40000000-0xfdffffff window]
[    8.154936] pci_bus 0000:00: root bus resource [bus 00-ff]
[    8.157540] pci 0000:00:01.1: legacy IDE quirk: reg 0x10: [io  0x01f0-0x01f7]
[    8.222455] pci 0000:00:01.1: legacy IDE quirk: reg 0x14: [io  0x03f6]
[    8.251232] pci 0000:00:01.1: legacy IDE quirk: reg 0x18: [io  0x0170-0x0177]
[    8.301762] pci 0000:00:01.1: legacy IDE quirk: reg 0x1c: [io  0x0376]
[    8.412408] pci 0000:00:07.0: quirk: [io  0x4000-0x403f] claimed by PIIX4 ACPI
[    8.461820] pci 0000:00:07.0: quirk: [io  0x4100-0x410f] claimed by PIIX4 SMB
[    8.511492] ACPI: PCI Interrupt Link [LNKA] (IRQs 5 9 10 *11)
[    8.591023] ACPI: PCI Interrupt Link [LNKB] (IRQs 5 9 *10 11)
[    8.610560] ACPI: PCI Interrupt Link [LNKC] (IRQs 5 *9 10 11)
[    8.656533] ACPI: PCI Interrupt Link [LNKD] (IRQs 5 9 10 *11)
[    8.665074] ACPI: Enabled 2 GPEs in block 00 to 07
[    8.675070] vgaarb: setting as boot device: PCI:0000:00:02.0
[    8.684815] vgaarb: device added: PCI:0000:00:02.0,decodes=io+mem,owns=io+mem,locks=none
[    8.691499] vgaarb: loaded
[    8.699545] vgaarb: bridge control possible 0000:00:02.0
[    8.714118] SCSI subsystem initialized
[    8.724266] ACPI: bus type USB registered
[    8.749786] usbcore: registered new interface driver usbfs
[    8.756493] usbcore: registered new interface driver hub
[    8.771577] usbcore: registered new device driver usb
[    8.775744] PCI: Using ACPI for IRQ routing
[    8.802255] NetLabel: Initializing
[    8.820596] NetLabel:  domain hash size = 128
[    8.840049] NetLabel:  protocols = UNLABELED CIPSOv4
[    8.855253] NetLabel:  unlabeled traffic allowed by default
[    8.856717] amd_nb: Cannot enumerate AMD northbridges
[    8.864208] clocksource: Switched to clocksource kvm-clock
[   .8238] AppArmor: AppArmor FilesysteEnabled
[   0548 pp:nP ACPIinit
[   .255] pnp:Pn ACPI: found 3 dvies
[    9.599768] clocksource: acpi_pm: mask: 0xffffff max_cycles: 0xffffff, max_idle_ns: 2085701024 ns
[    9.647959] NET: Registered protocol family 2
[    9.702777] TCP established hash table entries: 8192 (order: 4, 65536 bytes)
[    9.769893] TCP bind hash table entries: 8192 (order: 5, 131072 bytes)
[    9.812340] TCP: Hash tables configured (established 8192 bind 8192)
[    9.868708] UDP hash table entries: 512 (order: 2, 16384 bytes)
[    9.926639] UDP-Lite hash table entries: 512 (order: 2, 16384 bytes)
[   10.011962] NET: Registered protocol family 1
[   10.064820] pci 0000:00:00.0: Limiting direct PCI/PCI transfers
[   10.072983] pci 0000:00:01.0: Activating ISA DMA hang workarounds
[   10.116962] Unpacking initramfs...
[   10.470924] Freeing initrd memory: 15276K
[   10.494804] RAPL PMU detected, API unit is 2^-32 Joules, 4 fixed counters 10737418240 ms ovfl timer
[   10.536848] hw unit of domain pp0-core 2^-0 Joules
[   10.551395] hw unit of domain package 2^-0 Joules
[   10.564008] hw unit of domain dram 2^-0 Joules
[   10.570720] hw unit of domain pp1-gpu 2^-0 Joules
[   10.586300] platform rtc_cmos: registered platform RTC device (no PNP device found)
[   10.607083] Scanning for low memory corruption every 60 seconds
[   10.661319] audit: initializing netlink subsys (disabled)
[   10.706394] audit: type=2000 audit(1522078037.066:1): initialized
[   10.710700] Initialise system trusted keyring
[   10.714488] HugeTLB registered 2 MB page size, pre-allocated 0 pages
[   10.719014] zbud: loaded
[   10.737944] VFS: Disk quotas dquot_6.6.0
[   10.745889] VFS: Dquot-cache hash table entries: 512 (order 0, 4096 bytes)
[   10.747133] squashfs: version 4.0 (2009/01/31) Phillip Lougher
[   10.748414] fuse init (API version 7.23)
[   10.778739] K type big_key giered
[  10.973778]llatg MAMOanblacklistkeins.
[   11.527241] Key type asymmetric registered
[   11.552886] Asymmetric key parser 'x509' registered
[   11.580859] Block layer SCSI generic (bsg) driver version 0.4 loaded (major 249)
[   11.586365] io scheduler noop registered
[   11.597053] io scheduler deadline registered (default)
[   11.599931] io scheduler cfq registered
[   11.607922] tsc: Refined TSC clocksource calibration: 2900.676 MHz
[   11.612685] pci_hotplug: PCI Hot Plug PCI Cor vrsion: 0.5

[   11.612692] pciehp: PI press Hot Plug Controller Driver version: 0.4

[   11.613229] ACPI: AC Adapter [AC] (on-line)
[   11.613304] input: Power Button as /devices/LNXSYSTM:00/LNXPWRBN:00/input/input0
[   11.613307] ACPI: Power Button [PWRF]
[   11.613410] input: Sleep Button as /devices/LNXSYSTM:00/LNXSLPBN:00/input/input1
[   11.613413] ACPI: Sleep Button [SLPF]
[   11.643314] ACPI: Battery Slot [BAT0] (battery present)
[   11.643376] GHES: HEST is not enabled!
[   11.643523] Serial: 8250/16550 driver, 32 ports, IRQ sharing enabled
[   11.750097] 00:02: ttyS0 at I/O 0x3f8 (irq = 4, base_baud = 115200) is a 16550A
[   11.852400] Linux agpgart interface v0.103
[   11.857473] loop: module loaded
[   11.858103] scsi host0: ata_piix
[   11.858167] scsi host1: ata_piix
[   11.858198] ata1: PATA max UDMA/33 cmd 0x1f0 ctl 0x3f6 bmdma 0xd000 irq 14
[   11.858199] ata2: PATA max UDMA/33 cmd 0x170 ctl 0x376 bmdma 0xd008 irq 15
[   11.858273] libphy: Fixed MDIO Bus: probed
[   11.858275] tun: Universal TUN/TAP device driver, 1.6
[   11.858276] tun: (C) 1999-2004 Max Krasnyansky <maxk@qualcomm.com>
[   11.858574] PPP generic driver version 2.4.2
[   11.858629] ehci_hcd: USB 2.0 'Enhanced' Host Controller (EHCI) Driver
[   11.858635] ehci-pci: EHCI PCI platform driver
[   11.858649] ehci-platform: EHCI generic platform driver
[   11.858656] ohci_hcd: USB 1.1 'Open' Host Controller (OHCI) Driver
[   11.858659] ohci-pci: OHCI PCI platform driver
[   11.858665] ohci-platform: OHCI generic platform driver
[   11.858672] uhci_hcd: USB Universal Host Controller Interface driver
[   11.858726] i8042: PNP: PS/2 Controller [PNP0303:PS2K,PNP0f03:PS2M] at 0x60,0x64 irq 1,12
[   11.859759] serio: i8042 KBD port at 0x60,0x64 irq 1
[   11.859763] serio: i8042 AUX port at 0x60,0x64 irq 12
[   11.859861] mousedev: PS/2 mouse device common for all mice
[   11.860123] rtc_cmos rtc_cmos: rtc core: registered rtc_cmos as rtc0
[   11.860173] rtc_cmos rtc_cmos: alarms up to one day, 114 bytes nvram
[   11.860179] i2c /dev entries driver
[   11.860226] device-mapper: uevent: version 1.0.3
[   11.860270] device-mapper: ioctl: 4.34.0-ioctl (2015-10-28) initialised: dm-devel@redhat.com
[   11.860289] ledtrig-cpu: registered to indicate activity on CPUs
[   11.860616] NET: Registered protocol family 10
[   11.860792] NET: Registered protocol family 17
[   11.860805] Key type dns_resolver registered
[   11.872813] microcode: CPU0 sig=0x306d4, pf=0x40, revision=0x0
[   11.872879] microcode: CPU1 sig=0x306d4, pf=0x40, revision=0x0
[   11.872948] microcode: Microcode Update Driver: v2.01 <tigran@aivazian.fsnet.co.uk>, Peter Oruba
[   11.873079] registered taskstats version 1
[   11.873092] Loading compiled-in X.509 certificates
[   11.873628] Loaded X.509 cert 'Build time autogenerated kernel key: aa84f01984fbd529c105810b59e379d349698248'
[   11.873649] zswap: loaded using pool lzo/zbud
[   11.875755] Key type trusted registered
[   11.879483] Key type encrypted registered
[   11.879490] AppArmor: AppArmor sha1 policy hashing enabled
[   11.879493] ima: No TPM chip found, activating TPM-bypass!
[   11.879510] evm: HMAC attrs: 0x1
[   11.879744]   Magic number: 10:452:488
[   11.879774] regulator regulator.0: hash matches
[   11.880759] rtc_cmos rtc_cmos: setting system clock to 2018-03-26 15:27:21 UTC (1522078041)
[   11.880896] BIOS EDD facility v0.16 2004-Jun-25, 0 devices found
[   11.880896] EDD information not available.
[   11.909011] input: AT Translated Set 2 keyboard as /devices/platform/i8042/serio0/input/input2
[   12.918078] clocksource: tsc: mask: 0xffffffffffffffff max_cycles: 0x29cfc1b0676, max_idle_ns: 440795339442 ns
[   12.934838] Freeing unused kernel memory: 1508K
[   12.957699] Write protecting the kernel read-only data: 14336k
[   12.967365] Freeing unused kernel memory: 1700K
[   12.987544] Freeing unused kernel memory: 104K
Loading, please wait...
starting version[   13.002927] random: systemd-udevd: uninitialized urandom read (16 bytes read, 7 bits of entropy available)
 229
[   13.003501] random: udevadm: uninitialized urandom read (16 bytes read, 7 bits of entropy available)
[   13.003522] random: udevadm: uninitialized urandom read (16 bytes read, 7 bits of entropy available)
[   13.013861] random: udevadm: uninitialized urandom read (16 bytes read, 7 bits of entropy available)
[   13.013910] random: udevadm: uninitialized urandom read (16 bytes read, 7 bits of entropy available)
[   13.014168] random: udevadm: uninitialized urandom read (16 bytes read, 7 bits of entropy available)
[   13.014243] random: udevadm: uninitialized urandom read (16 bytes read, 7 bits of entropy available)
[   13.014305] random: udevadm: uninitialized urandom read (16 bytes read, 7 bits of entropy available)
[   13.014367] random: udevadm: uninitialized urandom read (16 bytes read, 7 bits of entropy available)
[   13.014427] random: udevadm: uninitialized urandom read (16 bytes read, 7 bits of entropy available)
[   13.590748] e1000: Intel(R) PRO/1000 Network Driver - version 7.3.21-k8-NAPI
[   13.599610] e1000: Copyright (c) 1999-2006 Intel Corporation.
[   13.610982] Fusion MPT base driver 3.04.20
[   13.614389] Copyright (c) 1999-2008 LSI Corporation
[   13.662157] Fusion MPT SPI Host driver 3.04.20
[   13.698725] AVX2 version of gcm_enc/dec engaged.
[   13.709929] AES CTR mode by8 optimization enabled
[   13.858066] input: ImExPS/2 Generic Explorer Mouse as /devices/platform/i8042/serio1/input/input4
[   14.517883] e1000 0000:00:03.0 eth0: (PCI:33MHz:32-bit) 02:38:07:4c:82:85
[   14.531123] e1000 0000:00:03.0 eth0: Intel(R) PRO/1000 Network Connection
[   14.553896] mptbase: ioc0: Initiating bringup
[   14.554447] e1000 0000:00:03.0 enp0s3: renamed from eth0
[   14.871793] ioc0: LSI53C1030 A0: Capabilities={Initiator}
[   15.918280] scsi host2: ioc0: LSI53C1030 A0, FwRev=00000000h, Ports=1, MaxQ=256, IRQ=20
[   16.653019] floppy0: no floppy controllers found
[   16.772846] scsi 2:0:0:0: Direct-Access     VBOX     HARDDISK         1.0  PQ: 0 ANSI: 5
[   16.789355] scsi target2:0:0: Beginning Domain Validation
[   16.797175] scsi target2:0:0: Domain Validation skipping write tests
[   16.807948] scsi target2:0:0: Ending Domain Validation
[   16.823644] scsi target2:0:0: asynchronous
[   16.828195] scsi 2:0:1:0: Direct-Access     VBOX     HARDDISK         1.0  PQ: 0 ANSI: 5
[   16.845483] scsi target2:0:1: Beginning Domain Validation
[   16.965519] scsi target2:0:1: Domain Validation skipping write tests
[   16.978453] scsi target2:0:1: Ending Domain Validation
[   17.000083] scsi target2:0:1: asynchronous
[   17.026755] sd 2:0:0:0: [sda] 20971520 512-byte logical blocks: (10.7 GB/10.0 GiB)
[   17.047174] sd 2:0:0:0: Attached scsi generic sg0 type 0
[   17.054057] sd 2:0:1:0: [sdb] 20480 512-byte logical blocks: (10.5 MB/10.0 MiB)
[   17.054553] sd 2:0:1:0: Attached scsi generic sg1 type 0
[   17.098703] sd 2:0:0:0: [sda] Write Protect is off
[   17.098800] sd 2:0:1:0: [sdb] Write Protect is off
[   17.098901] sd 2:0:1:0: [sdb] Incomplete mode parameter data
[   17.098902] sd 2:0:1:0: [sdb] Assuming drive cache: write through
[   17.120081] sd 2:0:1:0: [sdb] Attached SCSI disk
[   17.151839] sd 2:0:0:0: [sda] Incomplete mode parameter data
[   17.154849] sd 2:0:0:0: [sda] Assuming drive cache: write through
[   17.176715]  sda: sda1
[   17.191503] sd 2:0:0:0: [sda] Attached SCSI disk
Begin: Loading essential drivers[   18.705140] md: linear personality registered for level -1
 ... [   18.731777] md: multipath personality registered for level -4
[   18.757465] md: raid0 personality registered for level 0
[   18.805113] md: raid1 personality registered for level 1
[   18.892444] raid6: sse2x1   gen()  7325 MB/s
[   18.968791] raid6: sse2x1   xor()  5207 MB/s
[   19.040440] raid6: sse2x2   gen()  4572 MB/s
[   19.108718] raid6: sse2x2   xor()  1461 MB/s
[   19.184347] raid6: sse2x4   gen()  6187 MB/s
[   19.264271] raid6: sse2x4   xor()  3780 MB/s
[   19.336557] raid6: avx2x1   gen()  8137 MB/s
[   19.408473] raid6: avx2x2   gen() 10524 MB/s
[   19.476839] raid6: avx2x4   gen()  9919 MB/s
[   19.492938] raid6: using algorithm avx2x2 gen() 10524 MB/s
[   19.508545] raid6: using avx2x2 recovery algorithm
[   19.517570] xor: automatically using best checksumming function:
[   19.656347]    avx       : 21012.000 MB/sec
[   19.702609] async_tx: api initialized (async)
[   19.746366] md: raid6 personality registered for level 6
[   19.754935] md: raid5 personality registered for level 5
[   19.765428] md: raid4 personality registered for level 4
[   19.793530] md: raid10 personality registered for level 10
done.
Begin: Running /scripts/init-premount ... done.
Begin: Mounting root file system ... Begin: Running /scripts/local-top ... done.
Begin: Running /scripts/local-premount ... [   19.874763] Btrfs loaded
Scanning for Btrfs filesystems
done.
Warning: fsck no[   19.930168] EXT4-fs (sda1): INFO: recovery required on readonly filesystem
t present, so sk[   19.960790] EXT4-fs (sda1): write access will be enabled during recovery
ipping root file system
[   20.174003] EXT4-fs (sda1): recovery complete
[   20.175413] EXT4-fs (sda1): mounted filesystem with ordered data mode. Opts: (null)
done.
Begin: Running /scripts/local-bottom ... done.
Begin: Running /scripts/init-bottom ... done.
[   20.332634] systemd[1]: systemd 229 running in system mode. (+PAM +AUDIT +SELINUX +IMA +APPARMOR +SMACK +SYSVINIT +UTMP +LIBCRYPTSETUP +GCRYPT +GNUTLS +ACL +XZ -LZ4 +SECCOMP +BLKID +ELFUTILS +KMOD -IDN)
[   20.372125] systemd[1]: Detected virtualization oracle.
[   20.410733] systemd[1]: Detected architecture x86-64.
[   20.420158] random: nonblocking pool is initialized

Welcome to [1mUbuntu 16.04.3 LTS[0m!

[   20.437338] systemd[1]: Set hostname to <ubuntu-xenial>.
[   20.709751] systemd[1]: Listening on udev Kernel Socket.
[[0;32m  OK  [0m] Listening on udev Kernel Socket.
[   20.726891] systemd[1]: Created slice System Slice.
[[0;32m  OK  [0m] Created slice System Slice.
[   20.730562] systemd[1]: Listening on Journal Socket.
[[0;32m  OK  [0m] Listening on Journal Socket.
[   20.772889] systemd[1]: Starting Uncomplicated firewall...
         Starting Uncomplicated firewall...
[   20.805293] systemd[1]: Mounting Debug File System...
         Mounting Debug File System...
[   20.849270] systemd[1]: Created slice system-serial\x2dgetty.slice.
[[0;32m  OK  [0m] Created slice system-serial\x2dgetty.slice.
[   21.000943] systemd[1]: Starting Create list of required static device nodes for the current kernel...
         Starting Create list of required st... nodes for the current kernel...
[   21.073161] systemd[1]: Starting Remount Root and Kernel File Systems...
[   21.077684] EXT4-fs (sda1): re-mounted. Opts: (null)
         Starting Remount Root and Kernel File Systems...
[   21.248755] systemd[1]: Mounting Huge Pages File System...
         Mounting Huge Pages File System...
[   21.388990] systemd[1]: Started Trigger resolvconf update for networkd DNS.
[[0;32m  OK  [0m] Started Trigger resolvconf update for networkd DNS.
[   21.500734] systemd[1]: Reached target Swap.
[[0;32m  OK  [0m] Reached target Swap.
[   21.624815] systemd[1]: Listening on /dev/initctl Compatibility Named Pipe.
[[0;32m  OK  [0m] Listening on /dev/initctl Compatibility Named Pipe.
[   21.716426] systemd[1]: Starting Set console keymap...
         Starting Set console keymap...
[   21.772956] systemd[1]: Listening on udev Control Socket.
[[0;32m  OK  [0m] Listening on udev Control Socket.
[   21.832536] systemd[1]: Listening on Device-mapper event daemon FIFOs.
[[0;32m  OK  [0m] Listening on Device-mapper event daemon FIFOs.
[   21.973401] systemd[1]: Set up automount Arbitrary Executable File Formats File System Automount Point.
[[0;32m  OK  [0m] Set up automount Arbitrary Executab...ats File System Automount Point.
[   22.072518] systemd[1]: Mounting POSIX Message Queue File System...
         Mounting POSIX Message Queue File System...
[   22.237071] systemd[1]: Created slice User and Session Slice.
[[0;32m  OK  [0m] Created slice User and Session Slice.
[   22.397019] systemd[1]: Reached target Slices.
[[0;32m  OK  [0m] Reached target Slices.
[   22.496807] systemd[1]: Reached target User and Group Name Lookups.
[[0;32m  OK  [0m] Reached target User and Group Name Lookups.
[   22.599392] systemd[1]: Listening on LVM2 poll daemon socket.
[[0;32m  OK  [0m] Listening on LVM2 poll daemon socket.
[   22.628889] systemd[1]: Reached target Encrypted Volumes.
[[0;32m  OK  [0m] Reached target Encrypted Volumes.
[   22.724831] systemd[1]: Listening on Syslog Socket.
[[0;32m  OK  [0m] Listening on Syslog Socket.
[   22.774395] systemd[1]: Started Forward Password Requests to Wall Directory Watch.
[[0;32m  OK  [0m] Started Forward Password Requests to Wall Directory Watch.
[   22.841490] systemd[1]: Listening on LVM2 metadata daemon socket.
[[0;32m  OK  [0m] Listening on LVM2 metadata daemon socket.
[   23.000975] systemd[1]: Starting Monitoring of LVM2 mirrors, snapshots etc. using dmeventd or progress polling...
         Starting Monitoring of LVM2 mirrors... dmeventd or progress polling...
[   23.038397] systemd[1]: Starting Load Kernel Modules...
         Startin[   23.047407] Loading iSCSI transport class v2.0-870.
g Load Kernel Mo[   23.093190] iscsi: registered transport (tcp)
dules...
[   23.996760] systemd[1]: Listening on Journal Socket (/dev/log).
[[0;32m  OK  [0m] Listening on Journal Socket (/dev/log).
[   24.028449] iscsi: registered transport (iser)
[   24.060615] systemd[1]: Listening on Journal Audit Socket.
[[0;32m  OK  [0m] Listening on Journal Audit Socket.
[   24.201067] systemd[1]: Starting Journal Service...
         Starting Journal Service...
[   24.231543] systemd[1]: Starting Nameserver information manager...
         Starting Nameserver information manager...
[   24.298561] systemd[1]: Mounted POSIX Message Queue File System.
[[0;32m  OK  [0m] Mounted POSIX Message Queue File System.
[   24.400504] systemd[1]: Mounted Huge Pages File System.
[[0;32m  OK  [0m] Mounted Huge Pages File System.
[   24.427187] systemd[1]: Mounted Debug File System.
[[0;32m  OK  [0m] Mounted Debug File System.
[   24.461508] systemd[1]: Started Journal Service.
[[0;32m  OK  [0m] Started Journal Service.
[[0;32m  OK  [0m] Started Uncomplicated firewall.
[[0;32m  OK  [0m] Started Create list of required sta...ce nodes for the current kernel.
[[0;32m  OK  [0m] Started Remount Root and Kernel File Systems.
[[0;32m  OK  [0m] Started Set console keymap.
[[0;32m  OK  [0m] Started Load Kernel Modules.
[[0;32m  OK  [0m] Started Nameserver information manager.
[[0;32m  OK  [0m] Started LVM2 metadata daemon.
         Mounting FUSE Control File System...
         Starting Apply Kernel Variables...
         Starting Load/Save Random Seed...
         Starting Initial cloud-init job (pre-networking)...
         Starting udev Coldplug all Devices...
         Starting Create Static Device Nodes in /dev...
         Starting Flush Journal to Persistent Storage...
[[0;32m  OK  [0m] Mounted FUSE Control File System.
[[0;32m  OK  [0m] Started Apply Kernel Variables.
[[0;32m  OK  [0m] Started Load/Save Random Seed.
[[0;32m  OK  [0m] Started Create Static Device Nodes in /dev.
[[0;32m  OK  [0m] Started udev Coldplug all Devices.
[[0;32m  OK  [0m] Started Flush Journal to Persistent Storage.
         Starting udev Kernel Device Manager...
[[0;32m  OK  [0m] Started udev Kernel Device Manager.
[[0;32m  OK  [0m] Started Dispatch Password Requests to Console Directory Watch.
         Starting LSB: QEMU KVM module loading script...
[[0;32m  OK  [0m] Started Monitoring of LVM2 mirrors,...ng dmeventd or progress polling.
[[0;32m  OK  [0m] Reached target Local File Systems (Pre).
[[0;32m  OK  [0m] Reached target Local File Systems.
         Starting Create Volatile Files and Directories...
         Starting Set console font and keymap...
         Starting Tell Plymouth To Write Out Runtime Data...
         Starting LSB: AppArmor initialization...
         Starting Enable support for additional executable binary formats...
[[0;32m  OK  [0m] Started Create Volatile Files and Directories.
[[0;32m  OK  [0m] Started Tell Plymouth To Write Out Runtime Data.
[[0;32m  OK  [0m] Started LSB: QEMU KVM module loading script.
[[0;32m  OK  [0m] Found device /dev/ttyS0.
[[0;32m  OK  [0m] Listening on Load/Save RF Kill Switch Status /dev/rfkill Watch.
         Mounting Arbitrary Executable File Formats File System...
[[0;32m  OK  [0m] Reached target System Time Synchronized.
[   18.566308] cloud-init[456]: Cloud-init v. 17.1 running 'init-local' at Mon, 26 Mar 2018 15:27:35 +0000. Up 17.88 seconds.
         Starting Update UTMP about System Boot/Shutdown...
[[0;32m  OK  [0m] Mounted Arbitrary Executable File Formats File System.
[[0;32m  OK  [0m] Started Set console font and keymap.
[[0;32m  OK  [0m] Started LSB: AppArmor initialization.
[[0;32m  OK  [0m] Started Initial cloud-init job (pre-networking).
[[0;32m  OK  [0m] Started Enable support for additional executable binary formats.
[[0;32m  OK  [0m] Reached target Network (Pre).
[[0;32m  OK  [0m] Started ifup for enp0s3.
         Starting Raise network interfaces...
[[0;32m  OK  [0m] Created slice system-getty.slice.
[[0;32m  OK  [0m] Started Update UTMP about System Boot/Shutdown.
[[0;32m  OK  [0m] Started Raise network interfaces.
[[0;32m  OK  [0m] Reached target Network.
         Starting Initial cloud-init job (metadata service crawler)...
[   21.820297] cloud-init[975]: Cloud-init v. 17.1 running 'init' at Mon, 26 Mar 2018 15:27:39 +0000. Up 21.19 seconds.
[   21.880689] cloud-init[975]: ci-info: +++++++++++++++++++++++++++++++++++++Net device info+++++++++++++++++++++++++++++++++++++
[[0;32m  OK  [0m] Started Initial cloud-init job (metadata service crawler).
[   21.934654] [cloud-init[0;32m  OK  [0m[975]: ] ci-info: +--------+------+---------------------------+---------------+-------+-------------------+Reached target Network is Online.

[   21.996424] cloud-init[975]: ci-info: | Device |  Up  |          Address          |      Mask     | Scope |     Hw-Address    |
         Starting iSCSI initiator daemon (iscsid)...
[[0;32m  OK  [0m] Reached target System Initialization.
[   22.039466] cloud-init[975]: ci-info: +--------+------+---------------------------+---------------+-------+-------------------+
[   22.112932] cloud-init[975]: ci-info: | enp0s3 | True |         10.0.2.15         | 255.255.255.0 |   .   | 02:38:07:4c:82:85 |
         Starting LXD - unix socket.
[[0;32m  OK  [0m] Listening on UUID daemon activation socket.
[[0;32m  OK  [0m] Listening on D-Bus System Message Bus Socket.
[   22.142963] cloud-init[975]: ci-info: | enp0s3 | True | fe80::38:7ff:fe4c:8285/64 |       .       |  link | 02:38:07:4c:82:85 |
[   22.227039] cloud-init[975]: ci-info: |   lo   | True |         127.0.0.1         |   255.0.0.0   |   .   |         .         |
[   22.257064] cloud-init[975]: ci-info: |   lo   | True |          ::1/128          |       .       |  host |         .         |
[[0;32m  OK  [0m] Started Daily Cleanup of Temporary Directories.
[[0;32m  OK  [0m] Listening on ACPID Listen Socket.
[   22.323816] cloud-init[975]: ci-info: +--------+------+---------------------------+---------------+-------+-------------------+
[   22.373133] cloud-init[975]: ci-info: +++++++++++++++++++++++++++Route IPv4 info++++++++++++++++++++++++++++
[   22.392005] cloud-init[975]: ci-info: +-------+-------------+----------+---------------+-----------+-------+
[   22.392627] cloud-init[975]: ci-info: | Route | Destination | Gateway  |    Genmask    | Interface | Flags |
[[0;32m  OK  [0m] Started Daily apt download activities.
[   22.392934] cloud-init[975]: ci-info: +-------+-------------+----------+---------------+-----------+-------+
[   22.641955] cloud-init[975]: ci-info: |   0   |   0.0.0.0   | 10.0.2.2 |    0.0.0.0    |   enp0s3  |   UG  |
[[0;32m  OK  [0m] Started ACPI Events Check.
[   22.644738] cloud-init[975]: ci-info: |   1   |   10.0.2.0  | 0.0.0.0  | 255.255.255.0 |   enp0s3  |   U   |
[   22.814457] cloud-init[975]: ci-info: +-------+-------------+----------+---------------+-----------+-------+
[[0;32m  OK  [0m] Reached target Paths.
[[0;32m  OK  [0m] Started Timer to automatically refresh installed snaps.
[[0;32m  OK  [0m] Started Daily apt upgrade and clean activities.
[[0;32m  OK  [0m] Reached target Timers.
         Starting Socket activation for snappy daemon.
[[0;32m  OK  [0m] Reached target Cloud-config availability.
[[0;32m  OK  [0m] Listening on LXD - unix socket.
[[0;32m  OK  [0m] Listening on Socket activation for snappy daemon.
[[0;32m  OK  [0m] Started iSCSI initiator daemon (iscsid).
         Starting Login to default iSCSI targets...
[[0;32m  OK  [0m] Reached target Sockets.
[[0;32m  OK  [0m] Reached target Basic System.
[[0;32m  OK  [0m] Started FUSE filesystem for LXC.
         Starting /etc/rc.local Compatibility...
[[0;32m  OK  [0m] Started Deferred execution scheduler.
         Starting LSB: MD monitoring daemon...
         Starting System Logging Service...
         Starting Apply the settings specified in cloud-config...
         Starting OpenBSD Secure Shell server...
         Starting Accounts Service...
         Starting LSB: Record successful boot for GRUB...
[[0;32m  OK  [0m] Started Unattended Upgrades Shutdown.
[[0;32m  OK  [0m] Started ACPI event daemon.
[[0;32m  OK  [0m] Started D-Bus System Message Bus.
[[0;32m  OK  [0m] Started Regular background program processing daemon.
         Starting Snappy daemon...
         Starting Login Service...
         Starting LXD - container startup/shutdown...
[[0;32m  OK  [0m] Started System Logging Service.
[[0;32m  OK  [0m] Started OpenBSD Secure Shell server.
[[0;32m  OK  [0m] Started /etc/rc.local Compatibility.
[[0;32m  OK  [0m] Started Snappy daemon.
[[0;32m  OK  [0m] Started LXD - container startup/shutdown.
[[0;32m  OK  [0m] Started Login to default iSCSI targets.
[[0;32m  OK  [0m] Started LSB: MD monitoring daemon.
[[0;32m  OK  [0m] Started LSB: Record successful boot for GRUB.
         Starting Authenticate and Authorize Users to Run Privileged Tasks...
[[0;32m  OK  [0m] Reached target Remote File Systems (Pre).
[[0;32m  OK  [0m] Reached target Remote File Systems.
         Starting LSB: VirtualBox Linux Additions...
         Starting LSB: Set the CPU Frequency Scaling governor to "ondemand"...
         Starting LSB: automatic crash report generation...
         Starting LSB: daemon to balance interrupts for SMP systems...
         Starting Permit User Sessions...
[[0;32m  OK  [0m] Started Permit User Sessions.
[[0;32m  OK  [0m] Started Login Service.
[[0;32m  OK  [0m] Started Authenticate and Authorize Users to Run Privileged Tasks.
[[0;32m  OK  [0m] Started Accounts Service.
[[0;32m  OK  [0m] Started LSB: Set the CPU Frequency Scaling governor to "ondemand".
[[0;32m  OK  [0m] Created slice User Slice of vagrant.
         Starting User Manager for UID 1000...
[[0;32m  OK  [0m] Started Session 1 of user vagrant.
         Starting Terminate Plymouth Boot Screen...
         Starting Hold until boot process finishes up...
[[0;32m  OK  [0m] Started Terminate Plymouth Boot Screen.
[[0;32m  OK  [0m] Started LSB: automatic crash report generation.
[[0;32m  OK  [0m] Started LSB: daemon to balance interrupts for SMP systems.
[[0;32m  OK  [0m] Started Hold until boot process finishes up.
[[0;32m  OK  [0m] Started User Manager for UID 1000.
[[0;32m  OK  [0m] Started LSB: VirtualBox Linux Additions.
[   24.924973] cloud-init[1051]: Cloud-init v. 17.1 running 'modules:config' at Mon, 26 Mar 2018 15:27:42 +0000. Up 24.62 seconds.
[[0;32m  OK  [0m] Started Serial Getty on ttyS0.
         Starting Set console scheme...
[[0;32m  OK  [0m] Started Getty on tty1.
[[0;32m  OK  [0m] Reached target Login Prompts.
[[0;32m  OK  [0m] Reached target Multi-User System.
[[0;32m  OK  [0m] Reached target Graphical Interface.
         Starting Update UTMP about System Runlevel Changes...
[[0;32m  OK  [0m] Started Apply the settings specified in cloud-config.
[[0;32m  OK  [0m] Started Set console scheme.
         Starting Execute cloud user/final scripts...
[[0;32m  OK  [0m] Started Update UTMP about System Runlevel Changes.
[   26.288434] cloud-init[1214]: Cloud-init v. 17.1 running 'modules:final' at Mon, 26 Mar 2018 15:27:44 +0000. Up 26.12 seconds.
[   26.392403] cloud-init[1214]: Cloud-init v. 17.1 finished at Mon, 26 Mar 2018 15:27:44 +0000. Datasource DataSourceNoCloud [seed=/dev/sdb][dsmode=net].  Up 26.28 seconds
[[0;32m  OK  [0m] Started Execute cloud user/final scripts.
[[0;32m  OK  [0m] Reached target Cloud-init target.

Ubuntu 16.04.3 LTS ubuntu-xenial ttyS0

ubuntu-xenial login: 